
-- Running command `read_verilog build/gt2n_logic_batch/cells.v; read_verilog build/gt2n_logic/smoke.v; hierarchy -check -top logic_batch_smoke; flatten; proc; opt; check' --

1. Executing Verilog-2005 frontend: build/gt2n_logic_batch/cells.v
Parsing Verilog input from `build/gt2n_logic_batch/cells.v' to AST representation.
Generating RTLIL representation for module `\gt2_6t_nand4_w31_lvt'.
Generating RTLIL representation for module `\gt2_6t_nor4_w31_lvt'.
Generating RTLIL representation for module `\gt2_6t_aoi221_w31_lvt'.
Generating RTLIL representation for module `\gt2_6t_oai221_w31_lvt'.
Successfully finished Verilog frontend.

2. Executing Verilog-2005 frontend: build/gt2n_logic/smoke.v
Parsing Verilog input from `build/gt2n_logic/smoke.v' to AST representation.
Generating RTLIL representation for module `\logic_batch_smoke'.
Successfully finished Verilog frontend.

3. Executing HIERARCHY pass (managing design hierarchy).

3.1. Analyzing design hierarchy..
Top module:  \logic_batch_smoke
Used module:     \gt2_6t_oai221_w31_lvt
Used module:     \gt2_6t_aoi221_w31_lvt
Used module:     \gt2_6t_nor4_w31_lvt
Used module:     \gt2_6t_nand4_w31_lvt

3.2. Analyzing design hierarchy..
Top module:  \logic_batch_smoke
Used module:     \gt2_6t_oai221_w31_lvt
Used module:     \gt2_6t_aoi221_w31_lvt
Used module:     \gt2_6t_nor4_w31_lvt
Used module:     \gt2_6t_nand4_w31_lvt
Removed 0 unused modules.

4. Executing FLATTEN pass (flatten design).
Deleting now unused module gt2_6t_oai221_w31_lvt.
Deleting now unused module gt2_6t_aoi221_w31_lvt.
Deleting now unused module gt2_6t_nor4_w31_lvt.
Deleting now unused module gt2_6t_nand4_w31_lvt.
<suppressed ~4 debug messages>

5. Executing PROC pass (convert processes to netlists).

5.1. Executing PROC_CLEAN pass (remove empty switches from decision trees).
Cleaned up 0 empty switches.

5.2. Executing PROC_RMDEAD pass (remove dead branches from decision trees).
Removed a total of 0 dead cases.

5.3. Executing PROC_PRUNE pass (remove redundant assignments in processes).
Removed 0 redundant assignments.
Promoted 0 assignments to connections.

5.4. Executing PROC_INIT pass (extract init attributes).

5.5. Executing PROC_ARST pass (detect async resets in processes).

5.6. Executing PROC_ROM pass (convert switches to ROMs).
Converted 0 switches.

5.7. Executing PROC_MUX pass (convert decision trees to multiplexers).

5.8. Executing PROC_DLATCH pass (convert process syncs to latches).

5.9. Executing PROC_DFF pass (convert process syncs to FFs).

5.10. Executing PROC_MEMWR pass (convert process memory writes to cells).

5.11. Executing PROC_CLEAN pass (remove empty switches from decision trees).
Cleaned up 0 empty switches.

5.12. Executing OPT_EXPR pass (perform const folding).
Optimizing module logic_batch_smoke.

6. Executing OPT pass (performing simple optimizations).

6.1. Executing OPT_EXPR pass (perform const folding).
Optimizing module logic_batch_smoke.

6.2. Executing OPT_MERGE pass (detect identical cells).
Finding identical cells in module `\logic_batch_smoke'.
<suppressed ~6 debug messages>
Removed a total of 2 cells.

6.3. Executing OPT_MUXTREE pass (detect dead branches in mux trees).
Running muxtree optimizer on module \logic_batch_smoke..
  Creating internal representation of mux trees.
  No muxes found in this module.
Removed 0 multiplexer ports.

6.4. Executing OPT_REDUCE pass (consolidate $*mux and $reduce_* inputs).
  Optimizing cells in module \logic_batch_smoke.
Performed a total of 0 changes.

6.5. Executing OPT_MERGE pass (detect identical cells).
Finding identical cells in module `\logic_batch_smoke'.
Removed a total of 0 cells.

6.6. Executing OPT_DFF pass (perform DFF optimizations).

6.7. Executing OPT_CLEAN pass (remove unused cells and wires).
Finding unused cells or wires in module \logic_batch_smoke..
Removed 0 unused cells and 6 unused wires.
<suppressed ~1 debug messages>

6.8. Executing OPT_EXPR pass (perform const folding).
Optimizing module logic_batch_smoke.

6.9. Rerunning OPT passes. (Maybe there is more to do..)

6.10. Executing OPT_MUXTREE pass (detect dead branches in mux trees).
Running muxtree optimizer on module \logic_batch_smoke..
  Creating internal representation of mux trees.
  No muxes found in this module.
Removed 0 multiplexer ports.

6.11. Executing OPT_REDUCE pass (consolidate $*mux and $reduce_* inputs).
  Optimizing cells in module \logic_batch_smoke.
Performed a total of 0 changes.

6.12. Executing OPT_MERGE pass (detect identical cells).
Finding identical cells in module `\logic_batch_smoke'.
Removed a total of 0 cells.

6.13. Executing OPT_DFF pass (perform DFF optimizations).

6.14. Executing OPT_CLEAN pass (remove unused cells and wires).
Finding unused cells or wires in module \logic_batch_smoke..

6.15. Executing OPT_EXPR pass (perform const folding).
Optimizing module logic_batch_smoke.

6.16. Finished OPT passes. (There is nothing left to do.)

7. Executing CHECK pass (checking for obvious problems).
Checking module logic_batch_smoke...
Found and reported 0 problems.
